// Jest Snapshot v1, https://goo.gl/fbAQLP

exports[`components/AbortModal/AbortModal Render: match snapshot 1`] = `
.c3 {
  -webkit-align-items: baseline;
  -webkit-box-align: baseline;
  -ms-flex-align: baseline;
  align-items: baseline;
  -webkit-transition: all 0.1s ease-in-out;
  transition: all 0.1s ease-in-out;
  background-color: !important;
  color: !important;
  border-color: !important;
}

.c3:hover:not(:disabled) {
  background-color: !important;
  border-color: !important;
  color: !important;
}

.c3:hover:not(:disabled) svg {
  color: !important;
}

.c3:hover:not(:disabled) svg path {
  stroke: !important;
}

.c3:focus {
  box-shadow: 0 0 0 3px !important;
}

.c3:disabled {
  color: !important;
  background-color: !important;
  border-color: !important;
}

.c3:disabled svg {
  color: !important;
}

.c3:disabled svg path {
  stroke: !important;
}

.c3:disabled .knapp__spinner {
  border: 2px solid !important;
  border-top-color: !important;
  border-right-color: !important;
}

.c3 .knapp__spinner {
  border: 2px solid !important;
  border-left-color: !important;
  border-bottom-color: !important;
}

.c3 svg {
  color: !important;
}

.c3 svg path {
  stroke: !important;
}

.c4 {
  -webkit-transition: all 0.1s ease-in-out;
  transition: all 0.1s ease-in-out;
  background-color: inherit !important;
  color: !important;
  border-color: !important;
}

.c4:hover:not(:disabled) {
  background-color: !important;
  color: !important;
}

.c4:hover:not(:disabled) svg {
  color: !important;
}

.c4:hover:not(:disabled) svg path {
  stroke: !important;
}

.c4:disabled {
  color: !important;
  background-color: !important;
  border-color: !important;
}

.c4:disabled svg {
  color: !important;
}

.c4:disabled svg path {
  stroke: !important;
}

.c4:disabled .knapp__spinner {
  border: 2px solid !important;
  border-top-color: !important;
  border-right-color: !important;
}

.c4 .knapp__spinner {
  border: 2px solid !important;
  border-left-color: !important;
  border-bottom-color: !important;
}

.c4:not(:disabled) svg {
  color: !important;
}

.c4:not(:disabled) svg path {
  stroke: !important;
}

.c2 {
  -webkit-flex: 0 1 auto;
  -ms-flex: 0 1 auto;
  flex: 0 1 auto;
  display: -webkit-box;
  display: -webkit-flex;
  display: -ms-flexbox;
  display: flex;
  -webkit-flex-direction: row;
  -ms-flex-direction: row;
  flex-direction: row;
}

.c0 {
  margin: 1.5em 2em 3em 2em;
  text-align: center;
}

.c1 {
  padding: 2em;
  margin-bottom: 1em;
}

<AbortModal
  closeModal={[MockFunction]}
  highContrast={false}
  isOpen={true}
  onAbort={[MockFunction]}
>
  <ModalWrapper
    closeButton={false}
    closeTimeoutMS={0}
    contentLabel="app:modal-abort-contentLabel"
    isOpen={true}
    onRequestClose={[MockFunction]}
    shouldCloseOnOverlayClick={true}
  >
    <Modal
      ariaHideApp={true}
      bodyOpenClassName="ReactModal__Body--open"
      className="modal"
      closeTimeoutMS={0}
      contentElement={[Function]}
      contentLabel="app:modal-abort-contentLabel"
      isOpen={true}
      onRequestClose={[Function]}
      overlayClassName="modal__overlay"
      overlayElement={[Function]}
      parentSelector={[Function]}
      portalClassName="ReactModalPortal"
      preventScroll={false}
      role="dialog"
      shouldCloseOnEsc={true}
      shouldCloseOnOverlayClick={true}
      shouldFocusAfterRender={true}
      shouldReturnFocusAfterClose={true}
    >
      <Portal
        containerInfo={
          .c3 {
  -webkit-align-items: baseline;
  -webkit-box-align: baseline;
  -ms-flex-align: baseline;
  align-items: baseline;
  -webkit-transition: all 0.1s ease-in-out;
  transition: all 0.1s ease-in-out;
  background-color: !important;
  color: !important;
  border-color: !important;
}

.c3:hover:not(:disabled) {
  background-color: !important;
  border-color: !important;
  color: !important;
}

.c3:hover:not(:disabled) svg {
  color: !important;
}

.c3:hover:not(:disabled) svg path {
  stroke: !important;
}

.c3:focus {
  box-shadow: 0 0 0 3px !important;
}

.c3:disabled {
  color: !important;
  background-color: !important;
  border-color: !important;
}

.c3:disabled svg {
  color: !important;
}

.c3:disabled svg path {
  stroke: !important;
}

.c3:disabled .knapp__spinner {
  border: 2px solid !important;
  border-top-color: !important;
  border-right-color: !important;
}

.c3 .knapp__spinner {
  border: 2px solid !important;
  border-left-color: !important;
  border-bottom-color: !important;
}

.c3 svg {
  color: !important;
}

.c3 svg path {
  stroke: !important;
}

.c4 {
  -webkit-transition: all 0.1s ease-in-out;
  transition: all 0.1s ease-in-out;
  background-color: inherit !important;
  color: !important;
  border-color: !important;
}

.c4:hover:not(:disabled) {
  background-color: !important;
  color: !important;
}

.c4:hover:not(:disabled) svg {
  color: !important;
}

.c4:hover:not(:disabled) svg path {
  stroke: !important;
}

.c4:disabled {
  color: !important;
  background-color: !important;
  border-color: !important;
}

.c4:disabled svg {
  color: !important;
}

.c4:disabled svg path {
  stroke: !important;
}

.c4:disabled .knapp__spinner {
  border: 2px solid !important;
  border-top-color: !important;
  border-right-color: !important;
}

.c4 .knapp__spinner {
  border: 2px solid !important;
  border-left-color: !important;
  border-bottom-color: !important;
}

.c4:not(:disabled) svg {
  color: !important;
}

.c4:not(:disabled) svg path {
  stroke: !important;
}

.c2 {
  -webkit-flex: 0 1 auto;
  -ms-flex: 0 1 auto;
  flex: 0 1 auto;
  display: -webkit-box;
  display: -webkit-flex;
  display: -ms-flexbox;
  display: flex;
  -webkit-flex-direction: row;
  -ms-flex-direction: row;
  flex-direction: row;
}

.c0 {
  margin: 1.5em 2em 3em 2em;
  text-align: center;
}

.c1 {
  padding: 2em;
  margin-bottom: 1em;
}

<div
            class="ReactModalPortal"
          >
            <div
              class="ReactModal__Overlay modal__overlay"
            >
              <div
                aria-label="app:modal-abort-contentLabel"
                aria-modal="true"
                class="ReactModal__Content modal"
                role="dialog"
                tabindex="-1"
              >
                <section>
                  <div
                    class="c0"
                  >
                    <h2
                      class="typo-undertittel"
                    >
                      app:modal-abort-title
                    </h2>
                    <p
                      class="typo-normal c1"
                    >
                      app:modal-abort-description
                    </p>
                    <div
                      class="c2"
                    >
                      <button
                        class="knapp c3 knapp--hoved"
                        type="submit"
                      >
                        app:modal-abort-yes-cancel
                      </button>
                      <button
                        class="knapp c4 knapp--standard"
                        type="submit"
                      >
                        app:modal-abort-no-continue
                      </button>
                    </div>
                  </div>
                </section>
              </div>
            </div>
          </div>
        }
      >
        <ModalPortal
          ariaHideApp={true}
          bodyOpenClassName="ReactModal__Body--open"
          className="modal"
          closeTimeoutMS={0}
          contentElement={[Function]}
          contentLabel="app:modal-abort-contentLabel"
          defaultStyles={
            Object {
              "content": Object {
                "WebkitOverflowScrolling": "touch",
                "background": "#fff",
                "border": "1px solid #ccc",
                "borderRadius": "4px",
                "bottom": "40px",
                "left": "40px",
                "outline": "none",
                "overflow": "auto",
                "padding": "20px",
                "position": "absolute",
                "right": "40px",
                "top": "40px",
              },
              "overlay": Object {
                "backgroundColor": "rgba(255, 255, 255, 0.75)",
                "bottom": 0,
                "left": 0,
                "position": "fixed",
                "right": 0,
                "top": 0,
              },
            }
          }
          isOpen={true}
          onRequestClose={[Function]}
          overlayClassName="modal__overlay"
          overlayElement={[Function]}
          parentSelector={[Function]}
          portalClassName="ReactModalPortal"
          preventScroll={false}
          role="dialog"
          shouldCloseOnEsc={true}
          shouldCloseOnOverlayClick={true}
          shouldFocusAfterRender={true}
          shouldReturnFocusAfterClose={true}
          style={
            Object {
              "content": Object {},
              "overlay": Object {},
            }
          }
        >
          <div
            className="ReactModal__Overlay modal__overlay"
            onClick={[Function]}
            onMouseDown={[Function]}
            style={Object {}}
          >
            <div
              aria-label="app:modal-abort-contentLabel"
              aria-modal={true}
              className="ReactModal__Content modal"
              onClick={[Function]}
              onKeyDown={[Function]}
              onMouseDown={[Function]}
              onMouseUp={[Function]}
              role="dialog"
              style={Object {}}
              tabIndex="-1"
            >
              <section>
                <styled.div>
                  <div
                    className="c0"
                  >
                    <Undertittel>
                      <TypografiBase
                        type="undertittel"
                      >
                        <h2
                          className="typo-undertittel"
                        >
                          app:modal-abort-title
                        </h2>
                      </TypografiBase>
                    </Undertittel>
                    <Styled(Normaltekst)>
                      <Normaltekst
                        className="c1"
                      >
                        <TypografiBase
                          className="c1"
                          type="normaltekst"
                        >
                          <p
                            className="typo-normal c1"
                          >
                            app:modal-abort-description
                          </p>
                        </TypografiBase>
                      </Normaltekst>
                    </Styled(Normaltekst)>
                    <styled.div>
                      <div
                        className="c2"
                      >
                        <Styled(u)
                          onClick={[MockFunction]}
                        >
                          <u
                            className="c3"
                            onClick={[MockFunction]}
                          >
                            <p
                              autoDisableVedSpinner={false}
                              className="c3"
                              disabled={false}
                              htmlType="submit"
                              inaktivKlasseVedDisabled={false}
                              kompakt={false}
                              mini={false}
                              onClick={[MockFunction]}
                              spinner={false}
                              type="hoved"
                            >
                              <button
                                className="knapp c3 knapp--hoved"
                                disabled={false}
                                onClick={[MockFunction]}
                                type="submit"
                              >
                                app:modal-abort-yes-cancel
                              </button>
                            </p>
                          </u>
                        </Styled(u)>
                        <Styled(u)
                          onClick={[MockFunction]}
                        >
                          <u
                            className="c4"
                            onClick={[MockFunction]}
                          >
                            <p
                              autoDisableVedSpinner={false}
                              className="c4"
                              disabled={false}
                              htmlType="submit"
                              inaktivKlasseVedDisabled={false}
                              kompakt={false}
                              mini={false}
                              onClick={[MockFunction]}
                              spinner={false}
                              type="standard"
                            >
                              <button
                                className="knapp c4 knapp--standard"
                                disabled={false}
                                onClick={[MockFunction]}
                                type="submit"
                              >
                                app:modal-abort-no-continue
                              </button>
                            </p>
                          </u>
                        </Styled(u)>
                      </div>
                    </styled.div>
                  </div>
                </styled.div>
              </section>
            </div>
          </div>
        </ModalPortal>
      </Portal>
    </Modal>
  </ModalWrapper>
</AbortModal>
`;
