// Jest Snapshot v1, https://goo.gl/fbAQLP

exports[`pages/Forside Renders 1`] = `
.c1 {
  -webkit-flex: 1;
  -ms-flex: 1;
  flex: 1;
}

.c0 {
  display: -webkit-box;
  display: -webkit-flex;
  display: -ms-flexbox;
  display: flex;
  margin: 0px;
  margin-top: 3rem;
}

.c2 {
  margin-left: 1.5rem;
  margin-right: 1.5rem;
}

.c3 {
  margin-bottom: 1rem;
}

<Forside>
  <Component>
    <div
      className="mock-topContainer"
    >
      <styled.div>
        <div
          className="c0"
        >
          <styled.div>
            <div
              className="c1"
            />
          </styled.div>
          <styled.div>
            <div
              className="c2"
            >
              <div
                style={
                  Object {
                    "minWidth": "800px",
                  }
                }
              >
                <Lenkepanel
                  className="slideInFromLeft"
                  href="#"
                  linkCreator={[Function]}
                  tittelProps="undertittel"
                >
                  <LenkepanelBase
                    border={false}
                    className="slideInFromLeft"
                    href="#"
                    linkCreator={[Function]}
                  >
                    <Link
                      className="lenkepanel slideInFromLeft"
                      href="#"
                      to="/opprett"
                    >
                      <div
                        className="mock-link"
                      />
                    </Link>
                  </LenkepanelBase>
                </Lenkepanel>
                <styled.div>
                  <div
                    className="c3"
                  />
                </styled.div>
                <Lenkepanel
                  className="slideInFromLeft"
                  href="#"
                  linkCreator={[Function]}
                  style={
                    Object {
                      "animationDelay": "0.15s",
                    }
                  }
                  tittelProps="undertittel"
                >
                  <LenkepanelBase
                    border={false}
                    className="slideInFromLeft"
                    href="#"
                    linkCreator={[Function]}
                    style={
                      Object {
                        "animationDelay": "0.15s",
                      }
                    }
                  >
                    <Link
                      className="lenkepanel slideInFromLeft"
                      href="#"
                      style={
                        Object {
                          "animationDelay": "0.15s",
                        }
                      }
                      to="/vedlegg"
                    >
                      <div
                        className="mock-link"
                      />
                    </Link>
                  </LenkepanelBase>
                </Lenkepanel>
                <styled.div>
                  <div
                    className="c3"
                  />
                </styled.div>
                <Lenkepanel
                  className="slideInFromLeft"
                  href="#"
                  linkCreator={[Function]}
                  style={
                    Object {
                      "animationDelay": "0.3s",
                    }
                  }
                  tittelProps="undertittel"
                >
                  <LenkepanelBase
                    border={false}
                    className="slideInFromLeft"
                    href="#"
                    linkCreator={[Function]}
                    style={
                      Object {
                        "animationDelay": "0.3s",
                      }
                    }
                  >
                    <Link
                      className="lenkepanel slideInFromLeft"
                      href="#"
                      style={
                        Object {
                          "animationDelay": "0.3s",
                        }
                      }
                      to="/svarpased"
                    >
                      <div
                        className="mock-link"
                      />
                    </Link>
                  </LenkepanelBase>
                </Lenkepanel>
              </div>
            </div>
          </styled.div>
          <styled.div>
            <div
              className="c1"
            />
          </styled.div>
        </div>
      </styled.div>
    </div>
  </Component>
</Forside>
`;
