// Jest Snapshot v1, https://goo.gl/fbAQLP

exports[`components/DocumentSearch/DocumentSearch Renders 1`] = `
<DocumentSearch
  className="mockClassname"
  onDocumentFound={[MockFunction]}
  onRinasaksnummerChanged={[MockFunction]}
  resetValidation={[MockFunction]}
  validation={Object {}}
>
  <div
    className="mockClassname dokumentsok"
  >
    <div
      className="dokumentsok__form"
    >
      <Input
        bredde="fullbredde"
        className="dokumentsok__form__input"
        id="dokumentsok__form__input-id"
        label="ui:label-rinasaksnummer"
        onChange={[Function]}
        value="undefined"
      >
        <div
          className="skjemaelement dokumentsok__form__input"
        >
          <t
            htmlFor="dokumentsok__form__input-id"
          >
            <label
              className="skjemaelement__label"
              htmlFor="dokumentsok__form__input-id"
            >
              ui:label-rinasaksnummer
            </label>
          </t>
          <input
            aria-invalid={false}
            className="skjemaelement__input input--fullbredde"
            id="dokumentsok__form__input-id"
            onChange={[Function]}
            type="text"
            value="undefined"
          />
        </div>
      </Input>
      <Knapp
        className="dokumentsok__knapp"
        onClick={[Function]}
        spinner={false}
      >
        <KnappBase
          autoDisableVedSpinner={false}
          className="dokumentsok__knapp"
          disabled={false}
          htmlType="submit"
          inaktivKlasseVedDisabled={false}
          kompakt={false}
          mini={false}
          onClick={[Function]}
          spinner={false}
          type="standard"
        >
          <button
            className="knapp dokumentsok__knapp knapp--standard"
            disabled={false}
            onClick={[Function]}
            type="submit"
          >
            ui:form-search
          </button>
        </KnappBase>
      </Knapp>
    </div>
    <div
      className="dokumentsok__card mt-4 mb-4 slideAnimate"
    >
      <Select
        bredde="fullbredde"
        className="dokumentsok__card-select"
        disabled={true}
        id="dokumentsok__card-select-id"
        label="ui:label-rinadokumentID"
        onChange={[Function]}
      >
        <div
          className="skjemaelement dokumentsok__card-select"
        >
          <t
            htmlFor="dokumentsok__card-select-id"
          >
            <label
              className="skjemaelement__label"
              htmlFor="dokumentsok__card-select-id"
            >
              ui:label-rinadokumentID
            </label>
          </t>
          <div
            className="selectContainer input--fullbredde"
          >
            <select
              aria-invalid={false}
              className="skjemaelement__input"
              disabled={true}
              id="dokumentsok__card-select-id"
              onChange={[Function]}
            >
              <option
                value=""
              >
                ui:form-choose
              </option>
            </select>
          </div>
        </div>
      </Select>
    </div>
  </div>
</DocumentSearch>
`;
