// Jest Snapshot v1, https://goo.gl/fbAQLP

exports[`components/PersonSearch/PersonSearch Render: match snapshot 1`] = `
.c3 {
  -webkit-transition: all 0.1s ease-in-out;
  transition: all 0.1s ease-in-out;
  background-color: inherit !important;
  color: !important;
  border-color: !important;
}

.c3:hover:not(:disabled) {
  background-color: !important;
  color: !important;
}

.c3:hover:not(:disabled) svg {
  color: !important;
}

.c3:hover:not(:disabled) svg path {
  stroke: !important;
}

.c3:disabled {
  color: !important;
  background-color: !important;
  border-color: !important;
}

.c3:disabled svg {
  color: !important;
}

.c3:disabled svg path {
  stroke: !important;
}

.c3:disabled .knapp__spinner {
  border: 2px solid !important;
  border-top-color: !important;
  border-right-color: !important;
}

.c3 .knapp__spinner {
  border: 2px solid !important;
  border-left-color: !important;
  border-bottom-color: !important;
}

.c3:not(:disabled) svg {
  color: !important;
}

.c3:not(:disabled) svg path {
  stroke: !important;
}

.c9 {
  display: inline-block;
  margin-left: 1rem;
}

.c11 {
  display: inline-block;
  margin-left: 0.5rem;
}

.c7 {
  display: -webkit-box;
  display: -webkit-flex;
  display: -ms-flexbox;
  display: flex;
  -webkit-flex-direction: row;
  -ms-flex-direction: row;
  flex-direction: row;
  -webkit-box-pack: justify;
  -webkit-justify-content: space-between;
  -ms-flex-pack: justify;
  justify-content: space-between;
  -webkit-align-items: center;
  -webkit-box-align: center;
  -ms-flex-align: center;
  align-items: center;
}

.c6 {
  border: 1px solid lightgray;
  background: transparent;
  margin-top: 1.5rem;
  max-width: 800px;
  min-width: 400px;
  padding: 1rem;
  border-radius: 5px;
}

.c6.personNotSelected {
  border: 3px solid red;
}

.c6.personSelected {
  border: 3px solid green;
}

.c6.neutral {
  background: white;
}

.c8 {
  display: -webkit-box;
  display: -webkit-flex;
  display: -ms-flexbox;
  display: flex;
}

.c10 {
  display: -webkit-box;
  display: -webkit-flex;
  display: -ms-flexbox;
  display: flex;
  -webkit-flex-direction: column;
  -ms-flex-direction: column;
  flex-direction: column;
}

.c12 {
  display: -webkit-box;
  display: -webkit-flex;
  display: -ms-flexbox;
  display: flex;
  -webkit-align-self: center;
  -ms-flex-item-align: center;
  align-self: center;
  justify-self: flex-end;
}

.c13 {
  display: -webkit-box;
  display: -webkit-flex;
  display: -ms-flexbox;
  display: flex;
  -webkit-align-self: center;
  -ms-flex-item-align: center;
  align-self: center;
}

.c5 {
  margin: 0.5rem;
  min-width: 50%;
}

.c0 {
  margin-bottom: 2em;
}

.c1 {
  display: -webkit-box;
  display: -webkit-flex;
  display: -ms-flexbox;
  display: flex;
  -webkit-flex-direction: row;
  -ms-flex-direction: row;
  flex-direction: row;
}

.c2 {
  min-width: 24.5em;
}

.c4 {
  display: -webkit-box;
  display: -webkit-flex;
  display: -ms-flexbox;
  display: flex;
  -webkit-flex: 0;
  -ms-flex: 0;
  flex: 0;
  height: 2.4em;
  -webkit-align-self: flex-start;
  -ms-flex-item-align: start;
  align-self: flex-start;
  margin: 1.9em 0 0 1em;
}

<PersonSearch
  alertMessage="message"
  alertStatus="ERROR"
  alertType="SAK/PERSON/GET/FAILURE"
  alertTypesWatched={
    Array [
      "SAK/PERSON/GET/FAILURE",
    ]
  }
  className="mock-className"
  gettingPerson={false}
  initialFnr="12345678901"
  onAlertClose={[MockFunction]}
  onFnrChange={[MockFunction]}
  onPersonFound={
    [MockFunction] {
      "calls": Array [
        Array [
          Object {
            "etternavn": "BLYANT",
            "fdato": "1961-02-02",
            "fnr": "02026100715",
            "fornavn": "STOR",
            "kjoenn": "M",
            "relasjoner": Array [
              Object {
                "etternavn": "BLYANT",
                "fdato": "1961-04-08",
                "fnr": "02026100714",
                "fornavn": "PEN",
                "kjoenn": "K",
                "rolle": "EKTE",
              },
              Object {
                "etternavn": "BLYANT",
                "fdato": "1980-02-02",
                "fnr": "02026100713",
                "fornavn": "LITEN",
                "kjoenn": "M",
                "rolle": "BARN",
              },
            ],
          },
        ],
      ],
      "results": Array [
        Object {
          "type": "return",
          "value": undefined,
        },
      ],
    }
  }
  onPersonRemoved={[MockFunction]}
  onSearchPerformed={[MockFunction]}
  person={
    Object {
      "etternavn": "BLYANT",
      "fdato": "1961-02-02",
      "fnr": "02026100715",
      "fornavn": "STOR",
      "kjoenn": "M",
      "relasjoner": Array [
        Object {
          "etternavn": "BLYANT",
          "fdato": "1961-04-08",
          "fnr": "02026100714",
          "fornavn": "PEN",
          "kjoenn": "K",
          "rolle": "EKTE",
        },
        Object {
          "etternavn": "BLYANT",
          "fdato": "1980-02-02",
          "fnr": "02026100713",
          "fornavn": "LITEN",
          "kjoenn": "M",
          "rolle": "BARN",
        },
      ],
    }
  }
  resetAllValidation={[MockFunction]}
>
  <styled.div>
    <div
      className="c0"
    >
      <styled.div>
        <div
          className="c1"
        >
          <Styled(Input)
            label="label:søker"
            onChange={[Function]}
            value="12345678901"
          >
            <Input
              bredde="fullbredde"
              className="c2"
              label="label:søker"
              onChange={[Function]}
              value="12345678901"
            >
              <div
                className="skjemaelement c2"
              >
                <Label
                  htmlFor="520000248-02443-4985-4868-9077671400106"
                >
                  <label
                    className="skjemaelement__label"
                    htmlFor="520000248-02443-4985-4868-9077671400106"
                  >
                    label:søker
                  </label>
                </Label>
                <input
                  aria-invalid={false}
                  className="skjemaelement__input input--fullbredde"
                  id="520000248-02443-4985-4868-9077671400106"
                  onChange={[Function]}
                  type="text"
                  value="12345678901"
                />
              </div>
            </Input>
          </Styled(Input)>
          <Styled(Styled(u))
            disabled={false}
            onClick={[Function]}
          >
            <u
              className="c3 c4"
              disabled={false}
              onClick={[Function]}
            >
              <p
                autoDisableVedSpinner={false}
                className="c3 c4"
                disabled={false}
                htmlType="submit"
                inaktivKlasseVedDisabled={false}
                kompakt={false}
                mini={false}
                onClick={[Function]}
                spinner={false}
                type="standard"
              >
                <button
                  className="knapp c3 c4 knapp--standard"
                  disabled={false}
                  onClick={[Function]}
                  type="submit"
                >
                  el:button-search
                </button>
              </p>
            </u>
          </Styled(Styled(u))>
        </div>
      </styled.div>
      <styled.div>
        <div
          className="c5"
        >
          <AlertStripe
            form="default"
            size="1.5em"
            type="advarsel"
          >
            <div
              className="alertstripe alertstripe--advarsel"
            >
              <span
                className="alertstripe__ikon"
              >
                <span
                  className="sr-only"
                >
                  advarsel
                </span>
                <Icon
                  aria-label="advarsel-ikon"
                  kind="advarsel-sirkel-fyll"
                  role="img"
                  size="1.5em"
                >
                  <svg
                    aria-label="advarsel-ikon"
                    focusable="false"
                    height="1.5em"
                    kind="advarsel-sirkel-fyll"
                    role="img"
                    viewBox="0 0 24 24"
                    width="1.5em"
                  >
                    <g
                      fill="none"
                      fillRule="evenodd"
                    >
                      <path
                        d="M12.205-.004l-.214.002a12.225 12.225 0 0 0-8.517 3.659C1.179 5.977-.053 9.013.002 12.208c.115 6.613 5.296 11.793 11.795 11.793l.212-.002c6.726-.116 12.105-5.595 11.99-12.21C23.883 5.178 18.702-.003 12.204-.003z"
                        fill="#FFA733"
                        fillRule="nonzero"
                      />
                      <path
                        d="M12.027 19H12A1.499 1.499 0 0 1 11.973 16L12 16a1.501 1.501 0 0 1 .027 3z"
                        fill="#262626"
                      />
                      <path
                        d="M12 5a1 1 0 0 1 1 1v7a1 1 0 0 1-2 0V6a1 1 0 0 1 1-1z"
                        fill="#262626"
                        fillRule="nonzero"
                      />
                    </g>
                  </svg>
                </Icon>
              </span>
              <Normaltekst
                className="alertstripe__tekst"
                tag="div"
              >
                <TypografiBase
                  className="alertstripe__tekst"
                  tag="div"
                  type="normaltekst"
                >
                  <div
                    className="typo-normal alertstripe__tekst"
                  >
                    message
                  </div>
                </TypografiBase>
              </Normaltekst>
            </div>
          </AlertStripe>
        </div>
      </styled.div>
      <PersonCard
        className="neutral"
        onRemoveClick={[Function]}
        person={
          Object {
            "etternavn": "BLYANT",
            "fdato": "1961-02-02",
            "fnr": "02026100715",
            "fornavn": "STOR",
            "kjoenn": "M",
            "relasjoner": Array [
              Object {
                "etternavn": "BLYANT",
                "fdato": "1961-04-08",
                "fnr": "02026100714",
                "fornavn": "PEN",
                "kjoenn": "K",
                "rolle": "EKTE",
              },
              Object {
                "etternavn": "BLYANT",
                "fdato": "1980-02-02",
                "fnr": "02026100713",
                "fornavn": "LITEN",
                "kjoenn": "M",
                "rolle": "BARN",
              },
            ],
          }
        }
      >
        <Styled(Panel)
          className="neutral"
        >
          <Panel
            border={false}
            className="c6 neutral"
          >
            <div
              className="panel c6 neutral"
            >
              <styled.div>
                <div
                  className="c7"
                >
                  <styled.div>
                    <div
                      className="c8"
                    >
                      <img
                        alt="nav-man-icon"
                        height={50}
                        src="Man.png"
                        width={50}
                      />
                      <styled.div>
                        <div
                          className="c9"
                        />
                      </styled.div>
                      <div
                        data-test-id="panelheader__tittel"
                      >
                        <Undertittel
                          data-test-id="panelheader__tittel__hoved"
                        >
                          <TypografiBase
                            data-test-id="panelheader__tittel__hoved"
                            type="undertittel"
                          >
                            <h2
                              className="typo-undertittel"
                              data-test-id="panelheader__tittel__hoved"
                            >
                              STOR
                               
                              BLYANT
                            </h2>
                          </TypografiBase>
                        </Undertittel>
                        <styled.div>
                          <div
                            className="c10"
                          >
                            <div>
                              label:fnr : 02026100715
                            </div>
                            <div>
                              label:fødselsdato: 02.02.1961
                            </div>
                          </div>
                        </styled.div>
                      </div>
                    </div>
                  </styled.div>
                  <styled.div
                    size="0.5"
                  >
                    <div
                      className="c11"
                      size="0.5"
                    />
                  </styled.div>
                  <Styled(Styled(u))
                    kompakt={true}
                    onClick={[Function]}
                  >
                    <u
                      className="c3 c12"
                      kompakt={true}
                      onClick={[Function]}
                    >
                      <p
                        autoDisableVedSpinner={false}
                        className="c3 c12"
                        disabled={false}
                        htmlType="submit"
                        inaktivKlasseVedDisabled={false}
                        kompakt={true}
                        mini={false}
                        onClick={[Function]}
                        spinner={false}
                        type="standard"
                      >
                        <button
                          className="knapp c3 c12 knapp--standard knapp--kompakt"
                          disabled={false}
                          onClick={[Function]}
                          type="submit"
                        >
                          <_default
                            color="#0067C5"
                            height="20"
                            width="20"
                          >
                            <svg
                              color="#0067C5"
                              focusable="false"
                              height="20"
                              viewBox="0 0 24 24"
                              width="20"
                            >
                              <path
                                d="M3.516 3.5h16v20h-16zm4-3h8v3h-8zm-6.5 3h22M7.516 7v12m4-12v12m4-12v12"
                                fill="none"
                                stroke="#0067C5"
                                strokeLinecap="round"
                                strokeLinejoin="round"
                                strokeMiterlimit="10"
                              />
                            </svg>
                          </_default>
                          <styled.div>
                            <div
                              className="c9"
                            />
                          </styled.div>
                          <styled.div>
                            <div
                              className="c13"
                            >
                              el:button-remove
                            </div>
                          </styled.div>
                        </button>
                      </p>
                    </u>
                  </Styled(Styled(u))>
                </div>
              </styled.div>
            </div>
          </Panel>
        </Styled(Panel)>
      </PersonCard>
    </div>
  </styled.div>
</PersonSearch>
`;
