// Jest Snapshot v1, https://goo.gl/fbAQLP

exports['components/PersonCard/PersonCard Renders 1'] = `
.c3 {
  margin-left: 1rem;
}

.c1 {
  display: -webkit-box;
  display: -webkit-flex;
  display: -ms-flexbox;
  display: flex;
  -webkit-flex-direction: row;
  -ms-flex-direction: row;
  flex-direction: row;
  -webkit-box-pack: justify;
  -webkit-justify-content: space-between;
  -ms-flex-pack: justify;
  justify-content: space-between;
  -webkit-align-items: center;
  -webkit-box-align: center;
  -ms-flex-align: center;
  align-items: center;
}

.c0 {
  border: 1px solid lightgray;
  background: transparent;
  margin-top: 1.5rem;
  max-width: 800px;
  min-width: 400px;
  padding: 1rem;
  border-radius: 5px;
}

.c0.personNotSelected {
  border: 3px solid red;
}

.c0.personSelected {
  border: 3px solid green;
}

.c0.neutral {
  background: white;
}

.c2 {
  display: -webkit-box;
  display: -webkit-flex;
  display: -ms-flexbox;
  display: flex;
}

.c4 {
  display: -webkit-box;
  display: -webkit-flex;
  display: -ms-flexbox;
  display: flex;
  -webkit-flex-direction: column;
  -ms-flex-direction: column;
  flex-direction: column;
}

.c5 {
  display: -webkit-box;
  display: -webkit-flex;
  display: -ms-flexbox;
  display: flex;
  -webkit-align-self: center;
  -ms-flex-item-align: center;
  align-self: center;
  justify-self: flex-end;
}

.c6 {
  display: -webkit-box;
  display: -webkit-flex;
  display: -ms-flexbox;
  display: flex;
  -webkit-align-self: center;
  -ms-flex-item-align: center;
  align-self: center;
}

<PersonCard
  className="mock-classname"
  familierelasjonKodeverk={
    Array [
      Object {
        "kode": "BARN",
        "term": "Barn av",
      },
      Object {
        "kode": "EKTE",
        "term": "Ektefelle til",
      },
      Object {
        "kode": "REPA",
        "term": "Registrert partner med",
      },
      Object {
        "kode": "SAMB",
        "term": "Samboer med",
      },
      Object {
        "kode": "ANNEN",
        "term": "Annen person",
      },
    ]
  }
  onAddClick={[MockFunction]}
  onRemoveClick={[MockFunction]}
  person={
    Object {
      "etternavn": "BLYANT",
      "fdato": "1961-02-02",
      "fnr": "02026100715",
      "fornavn": "STOR",
      "kjoenn": "M",
      "relasjoner": Array [
        Object {
          "etternavn": "BLYANT",
          "fdato": "1961-04-08",
          "fnr": "02026100714",
          "fornavn": "PEN",
          "kjoenn": "K",
          "rolle": "EKTE",
        },
        Object {
          "etternavn": "BLYANT",
          "fdato": "1980-02-02",
          "fnr": "02026100713",
          "fornavn": "LITEN",
          "kjoenn": "M",
          "rolle": "BARN",
        },
      ],
    }
  }
  rolleList={
    Array [
      Object {
        "kode": "BARN",
        "term": "Barn av",
      },
      Object {
        "kode": "EKTE",
        "term": "Ektefelle til",
      },
      Object {
        "kode": "REPA",
        "term": "Registrert partner med",
      },
      Object {
        "kode": "SAMB",
        "term": "Samboer med",
      },
      Object {
        "kode": "ANNEN",
        "term": "Annen person",
      },
    ]
  }
>
  <Styled(Panel)
    className="mock-classname"
  >
    <Panel
      border={false}
      className="c0 mock-classname"
    >
      <div
        className="panel c0 mock-classname"
      >
        <styled.div>
          <div
            className="c1"
          >
            <styled.div>
              <div
                className="c2"
              >
                <img
                  alt="nav-man-icon"
                  height={50}
                  src="icon-mann.png"
                  width={50}
                />
                <styled.div>
                  <div
                    className="c3"
                  />
                </styled.div>
                <div
                  data-test-id="panelheader__tittel"
                >
                  <Undertittel
                    data-test-id="panelheader__tittel__hoved"
                  >
                    <TypografiBase
                      data-test-id="panelheader__tittel__hoved"
                      type="undertittel"
                    >
                      <h2
                        className="typo-undertittel"
                        data-test-id="panelheader__tittel__hoved"
                      >
                        STOR
                         
                        BLYANT
                      </h2>
                    </TypografiBase>
                  </Undertittel>
                  <styled.div>
                    <div
                      className="c4"
                    >
                      <div>
                        ui:form-fnr : 02026100715
                      </div>
                      <div>
                        ui:form-birthdate: 02.02.1961
                      </div>
                    </div>
                  </styled.div>
                </div>
              </div>
            </styled.div>
            <Select
              bredde="fullbredde"
              date-testid="familierelasjoner__select-familirelasjon-rolle"
              disabled={false}
              label="ui:label-familyRelationship"
              onChange={[Function]}
            >
              <div
                className="skjemaelement"
              >
                <Label
                  htmlFor="2540806523-24460-4361-11611-108260189615271"
                >
                  <label
                    className="skjemaelement__label"
                    htmlFor="2540806523-24460-4361-11611-108260189615271"
                  >
                    ui:label-familyRelationship
                  </label>
                </Label>
                <div
                  className="selectContainer input--fullbredde"
                >
                  <select
                    aria-invalid={false}
                    className="skjemaelement__input"
                    date-testid="familierelasjoner__select-familirelasjon-rolle"
                    disabled={false}
                    id="2540806523-24460-4361-11611-108260189615271"
                    onChange={[Function]}
                  >
                    <option
                      value=""
                    >
                      ui:form-choose
                    </option>
                    <option
                      key="BARN"
                      value="BARN"
                    >
                      Barn av
                    </option>
                    <option
                      key="EKTE"
                      value="EKTE"
                    >
                      Ektefelle til
                    </option>
                    <option
                      key="REPA"
                      value="REPA"
                    >
                      Registrert partner med
                    </option>
                    <option
                      key="SAMB"
                      value="SAMB"
                    >
                      Samboer med
                    </option>
                    <option
                      key="ANNEN"
                      value="ANNEN"
                    >
                      Annen person
                    </option>
                  </select>
                </div>
              </div>
            </Select>
            <Styled(Knapp)
              onClick={[Function]}
            >
              <Knapp
                className="c5"
                onClick={[Function]}
              >
                <KnappBase
                  autoDisableVedSpinner={false}
                  className="c5"
                  disabled={false}
                  htmlType="submit"
                  inaktivKlasseVedDisabled={false}
                  kompakt={false}
                  mini={false}
                  onClick={[Function]}
                  spinner={false}
                  type="standard"
                >
                  <button
                    className="knapp c5 knapp--standard"
                    disabled={false}
                    onClick={[Function]}
                    type="submit"
                  >
                    <_default
                      color="#0067C5"
                      height="20"
                      width="20"
                    >
                      <svg
                        color="#0067C5"
                        focusable="false"
                        height="20"
                        viewBox="0 0 24 24"
                        width="20"
                      >
                        <path
                          d="M3.516 3.5h16v20h-16zm4-3h8v3h-8zm-6.5 3h22M7.516 7v12m4-12v12m4-12v12"
                          fill="none"
                          stroke="#0067C5"
                          strokeLinecap="round"
                          strokeLinejoin="round"
                          strokeMiterlimit="10"
                        />
                      </svg>
                    </_default>
                    <styled.div>
                      <div
                        className="c3"
                      />
                    </styled.div>
                    <styled.div>
                      <div
                        className="c6"
                      >
                        ui:form-remove
                      </div>
                    </styled.div>
                  </button>
                </KnappBase>
              </Knapp>
            </Styled(Knapp)>
            <Knapp
              data-test-id="familierelasjoner__knapp--legg-til"
              disabled={true}
              onClick={[Function]}
            >
              <KnappBase
                autoDisableVedSpinner={false}
                className={null}
                data-test-id="familierelasjoner__knapp--legg-til"
                disabled={true}
                htmlType="submit"
                inaktivKlasseVedDisabled={false}
                kompakt={false}
                mini={false}
                onClick={[Function]}
                spinner={false}
                type="standard"
              >
                <button
                  className="knapp knapp--standard knapp--disabled"
                  data-test-id="familierelasjoner__knapp--legg-til"
                  disabled={true}
                  onClick={[Function]}
                  type="submit"
                >
                  <_default
                    width={20}
                  >
                    <svg
                      version="1.1"
                      viewBox="0 0 24 24"
                      width={20}
                      xmlns="http://www.w3.org/2000/svg"
                    >
                      <title>
                        Tilsette
                      </title>
                      <g
                        fill="none"
                        fillRule="evenodd"
                        stroke="none"
                        strokeWidth="1"
                      >
                        <path
                          d="M20.146852,3.88403947 L20.146771,3.88395809 C17.976089,1.70435546 15.0928534,0.505997541 11.9994782,0.5 C5.67074719,0.5 0.512021923,5.64860101 0.500022608,11.9769766 C0.494020029,15.0501691 1.68354863,17.9384927 3.85210448,20.1159605 C6.02125562,22.2930255 8.90491868,23.494 11.9775643,23.5 C18.3251119,23.5 23.4879722,18.3534487 23.4999774,12.0209361 C23.5059792,8.94917357 22.3156837,6.06078388 20.146852,3.88403947 Z"
                          stroke="#0067C5"
                        />
                        <path
                          d="M18.2616513,12.5217391 L5.73939227,12.5217391 C5.45138031,12.5206957 5.21658796,12.288 5.21763148,12 C5.21763148,11.7130435 5.45138031,11.4782609 5.73939227,11.4782609 L18.2616513,11.4782609 C18.5486197,11.4782609 18.7844556,11.712 18.7834121,12 C18.7834121,12.288 18.5496632,12.5217391 18.2616513,12.5217391 Z"
                          fill="#0067C5"
                        />
                        <path
                          d="M18.2616513,12.5217391 L5.73939227,12.5217391 C5.45138031,12.5206957 5.21658796,12.288 5.21763148,12 C5.21763148,11.7130435 5.45138031,11.4782609 5.73939227,11.4782609 L18.2616513,11.4782609 C18.5486197,11.4782609 18.7844556,11.712 18.7834121,12 C18.7834121,12.288 18.5496632,12.5217391 18.2616513,12.5217391 Z"
                          fill="#0067C5"
                          transform="translate(12.000522, 12.000000) rotate(90.000000) translate(-12.000522, -12.000000) "
                        />
                      </g>
                    </svg>
                  </_default>
                  <styled.div>
                    <div
                      className="c3"
                    />
                  </styled.div>
                  <styled.div>
                    <div
                      className="c6"
                    >
                      ui:form-add
                    </div>
                  </styled.div>
                </button>
              </KnappBase>
            </Knapp>
          </div>
        </styled.div>
      </div>
    </Panel>
  </Styled(Panel)>
</PersonCard>
`
