// Jest Snapshot v1, https://goo.gl/fbAQLP

exports[`components/ExpandingPanel/ExpandingPanel Render: match snapshot 1`] = `
.c0 {
  border-style: solid;
}

.c0 .ReactCollapse--collapse {
  -webkit-transition: height 500ms;
  transition: height 500ms;
}

.c0 .ekspanderbartPanel__knapp {
  background: none;
  border: none;
}

.c0 .ekspanderbartPanel__hode:focus,
.c0 .ekspanderbartPanel__hode--focus {
  box-shadow: 0 0 0 3px !important;
  outline: none;
}

.c0 .ekspanderbartPanel__hode {
  width: auto;
}

.c0 .ekspanderbartPanel__hode:hover {
  background-color: !important;
}

.c0 p {
  font-size: inherit;
  line-height: inherit;
}

<ExpandingPanel
  ariaTittel="mockAriaTittel"
  border={true}
  collapseProps={
    Object {
      "id": "mockId",
    }
  }
  heading={
    <h2>
      heading
    </h2>
  }
  highContrast={false}
  onClose={[MockFunction]}
  onOpen={[MockFunction]}
  open={false}
  renderContentWhenClosed={false}
>
  <styled.div
    className="ekspanderbartPanel ekspanderbartPanel--lukket ekspanderbartPanel--border"
    style={Object {}}
  >
    <div
      className="c0 ekspanderbartPanel ekspanderbartPanel--lukket ekspanderbartPanel--border"
      style={Object {}}
    >
      <div
        aria-expanded={false}
        className="ekspanderbartPanel__hode"
        data-test-id="c-expandingpanel__head-id"
        onClick={[Function]}
        onKeyDown={[Function]}
        role="button"
        tabIndex={0}
      >
        <div
          className="ekspanderbartPanel__flex-wrapper"
          data-test-id="c-expandingpanel__body-id"
        >
          <h2>
            heading
          </h2>
          <button
            aria-expanded={false}
            aria-label="label:åpen"
            className="ekspanderbartPanel__knapp"
            data-test-id="c-expandingpanel__button-id"
            onClick={[Function]}
            onKeyDown={[Function]}
            type="button"
          >
            <span
              className="ekspanderbartPanel__indikator"
            />
          </button>
        </div>
      </div>
      <UnmountClosed
        id="mockId"
        isOpened={false}
        onRest={[Function]}
      />
    </div>
  </styled.div>
</ExpandingPanel>
`;
