// Jest Snapshot v1, https://goo.gl/fbAQLP

exports['components/Family/TPSPersonForm Render: match snapshot 1'] = `
.c3 {
  margin-bottom: 1rem;
}

.c4 {
  margin-left: 1rem;
}

.c1 {
  display: -webkit-box;
  display: -webkit-flex;
  display: -ms-flexbox;
  display: flex;
  margin-left: -0.5rem;
  margin-right: -0.5rem;
  -webkit-flex-direction: column;
  -ms-flex-direction: column;
  flex-direction: column;
}

.c2 {
  -webkit-flex: 1;
  -ms-flex: 1;
  flex: 1;
  margin-left: 0.5rem;
  margin-right: 0.5rem;
}

.c0 {
  margin-top: 1.5rem;
  margin-bottom: 1.5rem;
  display: -webkit-box;
  display: -webkit-flex;
  display: -ms-flexbox;
  display: flex;
  -webkit-flex-direction: column;
  -ms-flex-direction: column;
  flex-direction: column;
}

.c5 {
  display: -webkit-box;
  display: -webkit-flex;
  display: -ms-flexbox;
  display: flex;
  -webkit-align-items: center;
  -webkit-box-align: center;
  -ms-flex-align: center;
  align-items: center;
}

@media (min-width:768px) {
  .c1 {
    -webkit-flex-direction: row;
    -ms-flex-direction: row;
    flex-direction: row;
  }
}

<TPSPersonForm
  alertMessage="Message"
  alertStatus="OK"
  alertType="SAK/PERSON/RELATERT/GET/FAILURE"
  alertTypesWatched={Array []}
  existingFamilyRelationships={Array []}
  onAlertClose={[MockFunction]}
  onRelationReset={[MockFunction]}
  onSearchFnr={[MockFunction]}
  onTPSPersonAddedFailure={[MockFunction]}
  onTPSPersonAddedSuccess={[MockFunction]}
  person={
    Object {
      "etternavn": "BLYANT",
      "fdato": "1961-02-02",
      "fnr": "02026100715",
      "fornavn": "STOR",
      "kjoenn": "M",
      "relasjoner": Array [
        Object {
          "etternavn": "BLYANT",
          "fdato": "1961-04-08",
          "fnr": "02026100714",
          "fornavn": "PEN",
          "kjoenn": "K",
          "rolle": "EKTE",
        },
        Object {
          "etternavn": "BLYANT",
          "fdato": "1980-02-02",
          "fnr": "02026100713",
          "fornavn": "LITEN",
          "kjoenn": "M",
          "rolle": "BARN",
        },
      ],
    }
  }
  rolleList={
    Array [
      Object {
        "kode": "BARN",
        "term": "Barn av",
      },
      Object {
        "kode": "EKTE",
        "term": "Ektefelle til",
      },
      Object {
        "kode": "REPA",
        "term": "Registrert partner med",
      },
      Object {
        "kode": "SAMB",
        "term": "Samboer med",
      },
      Object {
        "kode": "ANNEN",
        "term": "Annen person",
      },
    ]
  }
>
  <styled.div>
    <div
      className="c0"
    >
      <styled.div
        className="slideAnimate feil"
      >
        <div
          className="c1 slideAnimate feil"
        >
          <styled.div>
            <div
              className="c2"
            >
              <Input
                bredde="fullbredde"
                data-test-id="c-TPSPersonForm__input-fnr-or-dnr-id"
                label="ui:label-fnr-or-dnr"
                onChange={[Function]}
                placeholder="ui:label-fnr-or-dnr"
                value=""
              >
                <div
                  className="skjemaelement"
                >
                  <Label
                    htmlFor="2429219441-8469-2051-06327-2056061608530"
                  >
                    <label
                      className="skjemaelement__label"
                      htmlFor="2429219441-8469-2051-06327-2056061608530"
                    >
                      ui:label-fnr-or-dnr
                    </label>
                  </Label>
                  <input
                    aria-invalid={false}
                    className="skjemaelement__input input--fullbredde"
                    data-test-id="c-TPSPersonForm__input-fnr-or-dnr-id"
                    id="2429219441-8469-2051-06327-2056061608530"
                    onChange={[Function]}
                    placeholder="ui:label-fnr-or-dnr"
                    type="text"
                    value=""
                  />
                </div>
              </Input>
              <styled.div>
                <div
                  className="c3"
                />
              </styled.div>
            </div>
          </styled.div>
          <styled.div>
            <div
              className="c4"
            />
          </styled.div>
          <Styled(styled.div)>
            <div
              className="c2 c5"
            >
              <Knapp
                disabled={false}
                onClick={[Function]}
              >
                <KnappBase
                  autoDisableVedSpinner={false}
                  className={null}
                  disabled={false}
                  htmlType="submit"
                  inaktivKlasseVedDisabled={false}
                  kompakt={false}
                  mini={false}
                  onClick={[Function]}
                  spinner={false}
                  type="standard"
                >
                  <button
                    className="knapp knapp--standard"
                    disabled={false}
                    onClick={[Function]}
                    type="submit"
                  >
                    ui:form-search
                  </button>
                </KnappBase>
              </Knapp>
            </div>
          </Styled(styled.div)>
        </div>
      </styled.div>
      <styled.div>
        <div
          className="c3"
        />
      </styled.div>
      <styled.div>
        <div
          className="c1"
        >
          <styled.div>
            <div
              className="c2"
            />
          </styled.div>
        </div>
      </styled.div>
    </div>
  </styled.div>
</TPSPersonForm>
`
