// Jest Snapshot v1, https://goo.gl/fbAQLP

exports[`components/PersonSearch/PersonSearch Render: match snapshot 1`] = `
.c5 {
  opacity: 0;
  -webkit-animation: cJoqxJ 0.5s forwards;
  animation: cJoqxJ 0.5s forwards;
  position: relative;
}

.c5 .alertstripe__tekst {
  -webkit-flex: auto !important;
  -ms-flex: auto !important;
  flex: auto !important;
  margin: auto 0;
  max-width: 100vw;
  display: -webkit-box;
  display: -webkit-flex;
  display: -ms-flexbox;
  display: flex;
  -webkit-box-pack: justify;
  -webkit-justify-content: space-between;
  -ms-flex-pack: justify;
  justify-content: space-between;
}

.c5 .fixed {
  position: fixed;
  top: 0.25rem;
  left: 50%;
  -webkit-transform: translateX(-50%);
  -ms-transform: translateX(-50%);
  transform: translateX(-50%);
  z-index: 10;
}

.c5 .closeIcon {
  position: absolute;
  top: 0.25rem;
  right: 0.25rem;
  cursor: pointer;
}

.c5 .type-server {
  border-radius: 0px !important;
  border: 0px !important;
}

.c5 .type-server .alertstripe__tekst {
  display: -webkit-box !important;
  display: -webkit-flex !important;
  display: -ms-flexbox !important;
  display: flex !important;
  -webkit-box-pack: justify;
  -webkit-justify-content: space-between;
  -ms-flex-pack: justify;
  justify-content: space-between;
  max-width: none !important;
}

.c6 {
  position: absolute;
  top: 0.25rem;
  right: 0.25rem;
  cursor: pointer;
}

.c10 {
  margin-left: 1rem;
}

.c8 {
  display: -webkit-box;
  display: -webkit-flex;
  display: -ms-flexbox;
  display: flex;
  -webkit-flex-direction: row;
  -ms-flex-direction: row;
  flex-direction: row;
  -webkit-box-pack: justify;
  -webkit-justify-content: space-between;
  -ms-flex-pack: justify;
  justify-content: space-between;
  -webkit-align-items: center;
  -webkit-box-align: center;
  -ms-flex-align: center;
  align-items: center;
}

.c7 {
  border: 1px solid lightgray;
  background: transparent;
  margin-top: 1.5rem;
  max-width: 800px;
  min-width: 400px;
  padding: 1rem;
  border-radius: 5px;
}

.c7.personNotSelected {
  border: 3px solid red;
}

.c7.personSelected {
  border: 3px solid green;
}

.c7.neutral {
  background: white;
}

.c9 {
  display: -webkit-box;
  display: -webkit-flex;
  display: -ms-flexbox;
  display: flex;
}

.c11 {
  display: -webkit-box;
  display: -webkit-flex;
  display: -ms-flexbox;
  display: flex;
  -webkit-flex-direction: column;
  -ms-flex-direction: column;
  flex-direction: column;
}

.c12 {
  display: -webkit-box;
  display: -webkit-flex;
  display: -ms-flexbox;
  display: flex;
  -webkit-align-self: center;
  -ms-flex-item-align: center;
  align-self: center;
  justify-self: flex-end;
}

.c13 {
  display: -webkit-box;
  display: -webkit-flex;
  display: -ms-flexbox;
  display: flex;
  -webkit-align-self: center;
  -ms-flex-item-align: center;
  align-self: center;
}

.c4 {
  margin: 0.5rem;
  margin-top: 1.5rem;
  margin-bottom: 1.5rem;
  width: 50%;
}

.c0 {
  margin-bottom: 2em;
}

.c1 {
  display: -webkit-box;
  display: -webkit-flex;
  display: -ms-flexbox;
  display: flex;
  -webkit-flex-direction: row;
  -ms-flex-direction: row;
  flex-direction: row;
}

.c2 {
  min-width: 24.5em;
}

.c3 {
  display: -webkit-box;
  display: -webkit-flex;
  display: -ms-flexbox;
  display: flex;
  -webkit-flex: 0;
  -ms-flex: 0;
  flex: 0;
  height: 2.4em;
  -webkit-align-self: flex-start;
  -ms-flex-item-align: start;
  align-self: flex-start;
  margin: 1.9em 0 0 1em;
}

<PersonSearch
  alertMessage="message"
  alertStatus="ERROR"
  alertType="SAK/PERSON/GET/FAILURE"
  alertTypesWatched={
    Array [
      "SAK/PERSON/GET/FAILURE",
    ]
  }
  className="mock-className"
  gettingPerson={false}
  initialFnr="12345678901"
  onAlertClose={[MockFunction]}
  onFnrChange={[MockFunction]}
  onPersonFound={
    [MockFunction] {
      "calls": Array [
        Array [
          Object {
            "etternavn": "BLYANT",
            "fdato": "1961-02-02",
            "fnr": "02026100715",
            "fornavn": "STOR",
            "kjoenn": "M",
            "relasjoner": Array [
              Object {
                "etternavn": "BLYANT",
                "fdato": "1961-04-08",
                "fnr": "02026100714",
                "fornavn": "PEN",
                "kjoenn": "K",
                "rolle": "EKTE",
              },
              Object {
                "etternavn": "BLYANT",
                "fdato": "1980-02-02",
                "fnr": "02026100713",
                "fornavn": "LITEN",
                "kjoenn": "M",
                "rolle": "BARN",
              },
            ],
          },
        ],
      ],
      "results": Array [
        Object {
          "type": "return",
          "value": undefined,
        },
      ],
    }
  }
  onPersonRemoved={[MockFunction]}
  onSearchPerformed={[MockFunction]}
  person={
    Object {
      "etternavn": "BLYANT",
      "fdato": "1961-02-02",
      "fnr": "02026100715",
      "fornavn": "STOR",
      "kjoenn": "M",
      "relasjoner": Array [
        Object {
          "etternavn": "BLYANT",
          "fdato": "1961-04-08",
          "fnr": "02026100714",
          "fornavn": "PEN",
          "kjoenn": "K",
          "rolle": "EKTE",
        },
        Object {
          "etternavn": "BLYANT",
          "fdato": "1980-02-02",
          "fnr": "02026100713",
          "fornavn": "LITEN",
          "kjoenn": "M",
          "rolle": "BARN",
        },
      ],
    }
  }
  resetAllValidation={[MockFunction]}
>
  <styled.div>
    <div
      className="c0"
    >
      <styled.div>
        <div
          className="c1"
        >
          <Styled(Input)
            label="ui:form-searchUser"
            onChange={[Function]}
            value="12345678901"
          >
            <Input
              bredde="fullbredde"
              className="c2"
              label="ui:form-searchUser"
              onChange={[Function]}
              value="12345678901"
            >
              <div
                className="skjemaelement c2"
              >
                <Label
                  htmlFor="182161559-2855-8941-14103-9113304175516"
                >
                  <label
                    className="skjemaelement__label"
                    htmlFor="182161559-2855-8941-14103-9113304175516"
                  >
                    ui:form-searchUser
                  </label>
                </Label>
                <input
                  aria-invalid={false}
                  className="skjemaelement__input input--fullbredde"
                  id="182161559-2855-8941-14103-9113304175516"
                  onChange={[Function]}
                  type="text"
                  value="12345678901"
                />
              </div>
            </Input>
          </Styled(Input)>
          <Styled(Knapp)
            disabled={false}
            onClick={[Function]}
          >
            <Knapp
              className="c3"
              disabled={false}
              onClick={[Function]}
            >
              <KnappBase
                autoDisableVedSpinner={false}
                className="c3"
                disabled={false}
                htmlType="submit"
                inaktivKlasseVedDisabled={false}
                kompakt={false}
                mini={false}
                onClick={[Function]}
                spinner={false}
                type="standard"
              >
                <button
                  className="knapp c3 knapp--standard"
                  disabled={false}
                  onClick={[Function]}
                  type="submit"
                >
                  ui:form-search
                </button>
              </KnappBase>
            </Knapp>
          </Styled(Knapp)>
        </div>
      </styled.div>
      <styled.div>
        <div
          className="c4"
        >
          <Alert
            fixed={false}
            message="message"
            onClose={[MockFunction]}
            status="ERROR"
            type="client"
          >
            <Styled(AlertStripe)
              className="type-client status-ERROR"
              role="alert"
              type="feil"
            >
              <AlertStripe
                className="c5 type-client status-ERROR"
                form="default"
                role="alert"
                size="1.5em"
                type="feil"
              >
                <div
                  className="alertstripe c5 type-client status-ERROR alertstripe--feil"
                  role="alert"
                >
                  <span
                    className="alertstripe__ikon"
                  >
                    <span
                      className="sr-only"
                    >
                      feil
                    </span>
                    <Icon
                      kind="feil-sirkel-fyll"
                      size="1.5em"
                    >
                      <svg
                        focusable="false"
                        height="1.5em"
                        kind="feil-sirkel-fyll"
                        viewBox="0 0 24 24"
                        width="1.5em"
                      >
                        <g
                          fill="none"
                          fillRule="evenodd"
                        >
                          <path
                            d="M11.999 0C5.395 0 .013 5.372 0 11.976a11.923 11.923 0 0 0 3.498 8.493A11.925 11.925 0 0 0 11.977 24H12c6.603 0 11.986-5.373 12-11.978C24.013 5.406 18.64.012 11.999 0z"
                            fill="#A13A28"
                            fillRule="nonzero"
                          />
                          <path
                            d="M12 10.651l3.372-3.372a.954.954 0 1 1 1.349 1.35L13.349 12l3.372 3.372a.954.954 0 1 1-1.35 1.349L12 13.349 8.628 16.72a.954.954 0 1 1-1.349-1.35L10.651 12 7.28 8.628A.954.954 0 1 1 8.63 7.28L12 10.651z"
                            fill="#FFF"
                            fillRule="nonzero"
                          />
                        </g>
                      </svg>
                    </Icon>
                  </span>
                  <Normaltekst
                    className="alertstripe__tekst"
                    tag="div"
                  >
                    <TypografiBase
                      className="alertstripe__tekst"
                      tag="div"
                      type="normaltekst"
                    >
                      <div
                        className="typo-normal alertstripe__tekst"
                      >
                        message
                        <Styled(_default)
                          data-test-id="c-alert__close-icon"
                          onClick={[Function]}
                        >
                          <_default
                            className="c6"
                            data-test-id="c-alert__close-icon"
                            onClick={[Function]}
                          >
                            <svg
                              className="c6"
                              contentScriptType="text/ecmascript"
                              contentStyleType="text/css"
                              data-test-id="c-alert__close-icon"
                              enableBackground="new 0 0 24 24"
                              height={24}
                              id="Filled_Version"
                              onClick={[Function]}
                              preserveAspectRatio="xMidYMid meet"
                              version="1.1"
                              viewBox="0 0 24 24"
                              width={24}
                              x="0px"
                              xmlns="http://www.w3.org/2000/svg"
                              y="0px"
                              zoomAndPan="magnify"
                            >
                              <path
                                d="M11.499,0C5.17,0,0.012,5.148,0,11.477c-0.006,3.072,1.184,5.962,3.352,8.139c2.168,2.176,5.054,3.378,8.126,3.384H11.5  c6.328,0,11.487-5.149,11.5-11.479C23.012,5.181,17.863,0.012,11.499,0z M11.5,22.5L11.5,22.5L11.5,22.5L11.5,22.5z M16.088,15.398  c0.194,0.195,0.193,0.512-0.002,0.707c-0.098,0.098-0.225,0.146-0.353,0.146c-0.127,0-0.256-0.049-0.354-0.146l-3.882-3.898  l-3.896,3.882c-0.098,0.098-0.226,0.146-0.354,0.146c-0.128,0-0.255-0.049-0.353-0.146c-0.195-0.196-0.195-0.513,0.001-0.707  l3.897-3.882L6.91,7.602C6.715,7.406,6.716,7.09,6.912,6.896C7.107,6.699,7.424,6.7,7.619,6.897l3.881,3.897l3.896-3.881  c0.195-0.195,0.513-0.195,0.707,0.001c0.195,0.195,0.195,0.512-0.001,0.707l-3.896,3.882L16.088,15.398z"
                                fill="#3e3832"
                              />
                            </svg>
                          </_default>
                        </Styled(_default)>
                      </div>
                    </TypografiBase>
                  </Normaltekst>
                </div>
              </AlertStripe>
            </Styled(AlertStripe)>
          </Alert>
        </div>
      </styled.div>
      <PersonCard
        className="neutral"
        onRemoveClick={[Function]}
        person={
          Object {
            "etternavn": "BLYANT",
            "fdato": "1961-02-02",
            "fnr": "02026100715",
            "fornavn": "STOR",
            "kjoenn": "M",
            "relasjoner": Array [
              Object {
                "etternavn": "BLYANT",
                "fdato": "1961-04-08",
                "fnr": "02026100714",
                "fornavn": "PEN",
                "kjoenn": "K",
                "rolle": "EKTE",
              },
              Object {
                "etternavn": "BLYANT",
                "fdato": "1980-02-02",
                "fnr": "02026100713",
                "fornavn": "LITEN",
                "kjoenn": "M",
                "rolle": "BARN",
              },
            ],
          }
        }
      >
        <Styled(Panel)
          className="neutral"
        >
          <Panel
            border={false}
            className="c7 neutral"
          >
            <div
              className="panel c7 neutral"
            >
              <styled.div>
                <div
                  className="c8"
                >
                  <styled.div>
                    <div
                      className="c9"
                    >
                      <img
                        alt="nav-man-icon"
                        height={50}
                        src="icon-mann.png"
                        width={50}
                      />
                      <styled.div>
                        <div
                          className="c10"
                        />
                      </styled.div>
                      <div
                        data-test-id="panelheader__tittel"
                      >
                        <Undertittel
                          data-test-id="panelheader__tittel__hoved"
                        >
                          <TypografiBase
                            data-test-id="panelheader__tittel__hoved"
                            type="undertittel"
                          >
                            <h2
                              className="typo-undertittel"
                              data-test-id="panelheader__tittel__hoved"
                            >
                              STOR
                               
                              BLYANT
                            </h2>
                          </TypografiBase>
                        </Undertittel>
                        <styled.div>
                          <div
                            className="c11"
                          >
                            <div>
                              ui:form-fnr : 02026100715
                            </div>
                            <div>
                              ui:form-birthdate: 02.02.1961
                            </div>
                          </div>
                        </styled.div>
                      </div>
                    </div>
                  </styled.div>
                  <Styled(Knapp)
                    onClick={[Function]}
                  >
                    <Knapp
                      className="c12"
                      onClick={[Function]}
                    >
                      <KnappBase
                        autoDisableVedSpinner={false}
                        className="c12"
                        disabled={false}
                        htmlType="submit"
                        inaktivKlasseVedDisabled={false}
                        kompakt={false}
                        mini={false}
                        onClick={[Function]}
                        spinner={false}
                        type="standard"
                      >
                        <button
                          className="knapp c12 knapp--standard"
                          disabled={false}
                          onClick={[Function]}
                          type="submit"
                        >
                          <_default
                            color="#0067C5"
                            height="20"
                            width="20"
                          >
                            <svg
                              color="#0067C5"
                              focusable="false"
                              height="20"
                              viewBox="0 0 24 24"
                              width="20"
                            >
                              <path
                                d="M3.516 3.5h16v20h-16zm4-3h8v3h-8zm-6.5 3h22M7.516 7v12m4-12v12m4-12v12"
                                fill="none"
                                stroke="#0067C5"
                                strokeLinecap="round"
                                strokeLinejoin="round"
                                strokeMiterlimit="10"
                              />
                            </svg>
                          </_default>
                          <styled.div>
                            <div
                              className="c10"
                            />
                          </styled.div>
                          <styled.div>
                            <div
                              className="c13"
                            >
                              ui:form-remove
                            </div>
                          </styled.div>
                        </button>
                      </KnappBase>
                    </Knapp>
                  </Styled(Knapp)>
                </div>
              </styled.div>
            </div>
          </Panel>
        </Styled(Panel)>
      </PersonCard>
    </div>
  </styled.div>
</PersonSearch>
`;
