// Jest Snapshot v1, https://goo.gl/fbAQLP

exports[`components/Family/TPSPersonForm Render: match snapshot 1`] = `
.c6 {
  -webkit-transition: all 0.1s ease-in-out;
  transition: all 0.1s ease-in-out;
  background-color: inherit !important;
  color: !important;
  border-color: !important;
}

.c6:hover:not(:disabled) {
  background-color: !important;
  color: !important;
}

.c6:hover:not(:disabled) svg {
  color: !important;
}

.c6:hover:not(:disabled) svg path {
  stroke: !important;
}

.c6:disabled {
  color: !important;
  background-color: !important;
  border-color: !important;
}

.c6:disabled svg {
  color: !important;
}

.c6:disabled svg path {
  stroke: !important;
}

.c6:disabled .knapp__spinner {
  border: 2px solid !important;
  border-top-color: !important;
  border-right-color: !important;
}

.c6 .knapp__spinner {
  border: 2px solid !important;
  border-left-color: !important;
  border-bottom-color: !important;
}

.c6:not(:disabled) svg {
  color: !important;
}

.c6:not(:disabled) svg path {
  stroke: !important;
}

.c1 {
  display: -webkit-box;
  display: -webkit-flex;
  display: -ms-flexbox;
  display: flex;
  margin-left: -0.5rem;
  margin-right: -0.5rem;
  -webkit-flex-direction: column;
  -ms-flex-direction: column;
  flex-direction: column;
}

.c2 {
  -webkit-flex: 1;
  -ms-flex: 1;
  flex: 1;
  margin-left: 0.5rem;
  margin-right: 0.5rem;
}

.c4 {
  display: inline-block;
  margin-left: 1rem;
}

.c3 {
  margin-bottom: 1rem;
}

.c0 {
  margin-top: 1.5rem;
  margin-bottom: 1.5rem;
  display: -webkit-box;
  display: -webkit-flex;
  display: -ms-flexbox;
  display: flex;
  -webkit-flex-direction: column;
  -ms-flex-direction: column;
  flex-direction: column;
}

.c5 {
  display: -webkit-box;
  display: -webkit-flex;
  display: -ms-flexbox;
  display: flex;
  -webkit-align-items: center;
  -webkit-box-align: center;
  -ms-flex-align: center;
  align-items: center;
}

@media (min-width:768px) {
  .c1 {
    -webkit-flex-direction: row;
    -ms-flex-direction: row;
    flex-direction: row;
  }
}

<TPSPersonForm
  alertMessage="Message"
  alertStatus="OK"
  alertType="SAK/PERSON/RELATERT/GET/FAILURE"
  alertTypesWatched={Array []}
  existingFamilyRelationships={Array []}
  onAlertClose={[MockFunction]}
  onRelationReset={[MockFunction]}
  onSearchFnr={[MockFunction]}
  onTPSPersonAddedFailure={[MockFunction]}
  onTPSPersonAddedSuccess={[MockFunction]}
  person={
    Object {
      "etternavn": "BLYANT",
      "fdato": "1961-02-02",
      "fnr": "02026100715",
      "fornavn": "STOR",
      "kjoenn": "M",
      "relasjoner": Array [
        Object {
          "etternavn": "BLYANT",
          "fdato": "1961-04-08",
          "fnr": "02026100714",
          "fornavn": "PEN",
          "kjoenn": "K",
          "rolle": "EKTE",
        },
        Object {
          "etternavn": "BLYANT",
          "fdato": "1980-02-02",
          "fnr": "02026100713",
          "fornavn": "LITEN",
          "kjoenn": "M",
          "rolle": "BARN",
        },
      ],
    }
  }
  rolleList={
    Array [
      Object {
        "kode": "BARN",
        "term": "Barn av",
      },
      Object {
        "kode": "EKTE",
        "term": "Ektefelle til",
      },
      Object {
        "kode": "REPA",
        "term": "Registrert partner med",
      },
      Object {
        "kode": "SAMB",
        "term": "Samboer med",
      },
      Object {
        "kode": "ANNEN",
        "term": "Annen person",
      },
    ]
  }
>
  <styled.div>
    <div
      className="c0"
    >
      <styled.div
        className="slideInFromLeft feil"
      >
        <div
          className="c1 slideInFromLeft feil"
        >
          <styled.div>
            <div
              className="c2"
            >
              <Input
                bredde="fullbredde"
                data-test-id="TPSPersonForm__input-fnr-or-dnr-id"
                label="label:fnr-dnr"
                onChange={[Function]}
                placeholder="label:fnr-dnr"
                value=""
              >
                <div
                  className="skjemaelement"
                >
                  <Label
                    htmlFor="32645966-04709-06956-10607-2876069867041"
                  >
                    <label
                      className="skjemaelement__label"
                      htmlFor="32645966-04709-06956-10607-2876069867041"
                    >
                      label:fnr-dnr
                    </label>
                  </Label>
                  <input
                    aria-invalid={false}
                    className="skjemaelement__input input--fullbredde"
                    data-test-id="TPSPersonForm__input-fnr-or-dnr-id"
                    id="32645966-04709-06956-10607-2876069867041"
                    onChange={[Function]}
                    placeholder="label:fnr-dnr"
                    type="text"
                    value=""
                  />
                </div>
              </Input>
              <styled.div>
                <div
                  className="c3"
                />
              </styled.div>
            </div>
          </styled.div>
          <styled.div>
            <div
              className="c4"
            />
          </styled.div>
          <Styled(styled.div)>
            <div
              className="c2 c5"
            >
              <Styled(u)
                disabled={false}
                onClick={[Function]}
              >
                <u
                  className="c6"
                  disabled={false}
                  onClick={[Function]}
                >
                  <p
                    autoDisableVedSpinner={false}
                    className="c6"
                    disabled={false}
                    htmlType="submit"
                    inaktivKlasseVedDisabled={false}
                    kompakt={false}
                    mini={false}
                    onClick={[Function]}
                    spinner={false}
                    type="standard"
                  >
                    <button
                      className="knapp c6 knapp--standard"
                      disabled={false}
                      onClick={[Function]}
                      type="submit"
                    >
                      el:button-search
                    </button>
                  </p>
                </u>
              </Styled(u)>
            </div>
          </Styled(styled.div)>
        </div>
      </styled.div>
      <styled.div>
        <div
          className="c3"
        />
      </styled.div>
      <styled.div>
        <div
          className="c1"
        >
          <styled.div>
            <div
              className="c2"
            />
          </styled.div>
        </div>
      </styled.div>
    </div>
  </styled.div>
</TPSPersonForm>
`;
